
> apexresume@0.1.0 build
> next build

   Γû▓ Next.js 15.5.7
   - Environments: .env.local
   - Experiments (use with caution):
     ┬╖ optimizePackageImports

   Creating an optimized production build ...
node.exe :  ΓÜá Compiled with warnings in 
7.8s
At line:1 char:1
+ & "C:\Program Files\nodejs/node.exe" 
"C:\Users\thunderX\AppData\Roami ...
+ ~~~~~~~~~~~~~~~~~~~~~~~~~~~~~~~~~~~~~~~~
~~~~~~~~~~~~~~~~~~~~~~~~~~~~~
    + CategoryInfo          : NotSpecifie 
   d: ( ΓÜá Compiled with warnings in 7.  
  8s:String) [], RemoteException
    + FullyQualifiedErrorId : NativeComma 
   ndError
 

./components/profile/privacy-settings.tsx
Attempted import error: 'AlertTitle' is 
not exported from '@/components/ui/alert' 
(imported as 'AlertTitle').

Import trace for requested module:
./components/profile/privacy-settings.tsx
./app/profile/page.tsx

./components/profile/privacy-settings.tsx
Attempted import error: 'AlertTitle' is 
not exported from '@/components/ui/alert' 
(imported as 'AlertTitle').

Import trace for requested module:
./components/profile/privacy-settings.tsx
./app/profile/page.tsx

   Skipping linting
   Checking validity of types ...
Failed to compile.

./components/profile/privacy-settings.tsx:
7:35
Type error: Module 
'"@/components/ui/alert"' has no exported 
member 'AlertTitle'.

[0m [90m  5 |[39m [36mimport[39m { 
[33mButton[39m } [36mfrom[39m 
[32m"@/components/ui/button"[39m
 [90m  6 |[39m [36mimport[39m { 
[33mCard[39m[33m,[39m 
[33mCardContent[39m[33m,[39m 
[33mCardDescription[39m[33m,[39m 
[33mCardHeader[39m[33m,[39m 
[33mCardTitle[39m[33m,[39m 
[33mCardFooter[39m } [36mfrom[39m 
[32m"@/components/ui/card"[39m
[31m[1m>[22m[39m[90m  7 |[39m 
[36mimport[39m { 
[33mAlert[39m[33m,[39m 
[33mAlertDescription[39m[33m,[39m 
[33mAlertTitle[39m } [36mfrom[39m 
[32m"@/components/ui/alert"[39m
 [90m    |[39m                          
         [31m[1m^[22m[39m
 [90m  8 |[39m
 [90m  9 |[39m [36minterface[39m 
[33mPrivacySettingsProps[39m {
 [90m 10 |[39m   onExport[33m:[39m () 
[33m=>[39m [36mvoid[39m[0m
Next.js build worker exited with code: 1 
and signal: null
